// Jest Snapshot v1, https://goo.gl/fbAQLP

exports[`should render DashboardPage correctly 1`] = `
<div>
  Not Found 404! - 
  <[object Object]
    to="/"
  >
    Go home
  </[object Object]>
</div>
`;
